ERROR ON FILE1
  STAT-FILE1: 35
  STAT-FILE2:   
ERROR ON FILE2
  STAT-FILE1: 35
  STAT-FILE2: 35
READ FILE1
ERROR ON FILE1
  STAT-FILE1: 47
  STAT-FILE2: 35
READ FILE2
ERROR ON FILE2
  STAT-FILE1: 47
  STAT-FILE2: 47
CLOSE FILES
ERROR ON FILE1
  STAT-FILE1: 42
  STAT-FILE2: 47
ERROR ON FILE2
  STAT-FILE1: 42
  STAT-FILE2: 42
DELETE FILES
