Enter "y" if the text below matches the colour of the background/text.
Note: the black text is on white background/the white background has black text
to make the text visible.
Black    Blue     Green    Cyan     Red      Magenta  Brown/Yellow    White
Black    Blue     Green    Cyan     Red      Magenta  Brown/Yellow    White
Y
